0 verbose cli C:\Program Files\nodejs\node.exe C:\Users\troyg\AppData\Roaming\npm\node_modules\npm\bin\npm-cli.js
1 info using npm@11.6.1
2 info using node@v24.7.0
3 silly config load:file:C:\Users\troyg\AppData\Roaming\npm\node_modules\npm\npmrc
4 silly config load:file:C:\Users\troyg\the-stellarc-dynamic\.npmrc
5 silly config load:file:C:\Users\troyg\.npmrc
6 silly config load:file:C:\Users\troyg\AppData\Roaming\npm\etc\npmrc
7 verbose title npm run start:ui
8 verbose argv "run" "start:ui"
9 verbose logfile logs-max:10 dir:C:\Users\troyg\the-stellarc-dynamic\home_path\hellmodenpm-cache\_logs\2025-10-21T05_11_28_811Z-
10 verbose logfile C:\Users\troyg\the-stellarc-dynamic\home_path\hellmodenpm-cache\_logs\2025-10-21T05_11_28_811Z-debug-0.log
11 silly logfile done cleaning log files
12 http fetch GET 200 https://registry.npmjs.org/npm 771ms
13 verbose cwd C:\Users\troyg\the-stellarc-dynamic\home_path
14 verbose os Windows_NT 10.0.22631
15 verbose node v24.7.0
16 verbose npm  v11.6.1
17 notice
17 notice New [36mpatch[39m version of npm available! [36m11.6.1[39m -> [34m11.6.2[39m
17 notice Changelog: [34mhttps://github.com/npm/cli/releases/tag/v11.6.2[39m
17 notice To update run: [4mnpm install -g npm@11.6.2[24m
17 notice  { force: true, Symbol(proc-log.meta): true }
18 verbose exit 1
19 verbose code 1
